\BOOKMARK [1][-]{section.1}{\376\377\000I\000n\000t\000r\000o\000d\000u\000c\000c\000i\000\363\000n}{}% 1
\BOOKMARK [2][-]{subsection.1.1}{\376\377\000I\000n\000t\000r\000o\000d\000u\000c\000c\000i\000\363\000n}{section.1}% 2
\BOOKMARK [2][-]{subsection.1.2}{\376\377\000B\000r\000e\000v\000e\000\040\000e\000s\000t\000a\000d\000o\000\040\000d\000e\000l\000\040\000a\000r\000t\000e}{section.1}% 3
\BOOKMARK [2][-]{subsection.1.3}{\376\377\000O\000b\000j\000e\000t\000i\000v\000o\000s}{section.1}% 4
\BOOKMARK [2][-]{subsection.1.4}{\376\377\000F\000u\000n\000d\000a\000m\000e\000n\000t\000a\000c\000i\000\363\000n}{section.1}% 5
\BOOKMARK [1][-]{section.2}{\376\377\000M\000e\000t\000o\000d\000o\000l\000o\000g\000\355\000a}{}% 6
\BOOKMARK [2][-]{subsection.2.1}{\376\377\000C\000i\000c\000l\000o\000\040\000d\000e\000\040\000V\000i\000d\000a\000\040\000-\000\040\000M\000e\000t\000o\000d\000o\000l\000o\000g\000\355\000a\000\040\000-\000\040\000S\000C\000R\000U\000M}{section.2}% 7
\BOOKMARK [3][-]{subsubsection.2.1.1}{\376\377\000F\000a\000s\000e\000\040\000-\000\040\000I\000n\000i\000c\000i\000o}{subsection.2.1}% 8
\BOOKMARK [3][-]{subsubsection.2.1.2}{\376\377\000F\000a\000s\000e\000\040\000-\000\040\000P\000l\000a\000n\000i\000f\000i\000c\000a\000c\000i\000\363\000n\000\040\000y\000\040\000E\000s\000t\000i\000m\000a\000c\000i\000\363\000n}{subsection.2.1}% 9
\BOOKMARK [4][-]{paragraph.2.1.2.1}{\376\377\000C\000r\000e\000a\000c\000i\000\363\000n\000\040\000d\000e\000\040\000h\000i\000s\000t\000o\000r\000i\000a\000s\000\040\000d\000e\000\040\000U\000s\000u\000a\000r\000i\000o\000.}{subsubsection.2.1.2}% 10
\BOOKMARK [4][-]{paragraph.2.1.2.2}{\376\377\000E\000s\000t\000i\000m\000a\000c\000i\000\363\000n\000\040\000d\000e\000\040\000H\000i\000s\000t\000o\000r\000i\000a\000s\000\040\000d\000e\000\040\000U\000s\000u\000a\000r\000i\000o\000.}{subsubsection.2.1.2}% 11
\BOOKMARK [4][-]{paragraph.2.1.2.3}{\376\377\000C\000o\000m\000p\000r\000o\000m\000i\000s\000o\000\040\000d\000e\000\040\000H\000i\000s\000t\000o\000r\000i\000a\000s\000\040\000d\000e\000\040\000U\000s\000u\000a\000r\000i\000o\000.}{subsubsection.2.1.2}% 12
\BOOKMARK [4][-]{paragraph.2.1.2.4}{\376\377\000I\000d\000e\000n\000t\000i\000f\000i\000c\000a\000c\000i\000\363\000n\000\040\000d\000e\000\040\000T\000a\000r\000e\000a\000s\000.}{subsubsection.2.1.2}% 13
\BOOKMARK [4][-]{paragraph.2.1.2.5}{\376\377\000E\000s\000t\000i\000m\000a\000c\000i\000\363\000n\000\040\000d\000e\000\040\000T\000a\000r\000e\000a\000s}{subsubsection.2.1.2}% 14
\BOOKMARK [4][-]{paragraph.2.1.2.6}{\376\377\000A\000c\000t\000u\000a\000l\000i\000z\000a\000r\000\040\000e\000l\000\040\000b\000a\000c\000k\000l\000o\000g\000\040\000d\000e\000l\000\040\000s\000p\000r\000i\000n\000t}{subsubsection.2.1.2}% 15
\BOOKMARK [3][-]{subsubsection.2.1.3}{\376\377\0002\000.\0001\000.\0003\000\040\000-\000\040\000F\000a\000s\000e\000\040\000-\000\040\000I\000m\000p\000l\000e\000m\000e\000n\000t\000a\000c\000i\000\363\000n}{subsection.2.1}% 16
\BOOKMARK [4][-]{paragraph.2.1.3.1}{\376\377\000C\000r\000e\000a\000r\000\040\000e\000n\000t\000r\000e\000g\000a\000b\000l\000e\000s\000.}{subsubsection.2.1.3}% 17
\BOOKMARK [4][-]{paragraph.2.1.3.2}{\376\377\000R\000e\000a\000l\000i\000z\000a\000r\000\040\000e\000l\000\040\000D\000a\000i\000l\000y\000\040\000S\000t\000a\000n\000d\000u\000p\000.}{subsubsection.2.1.3}% 18
\BOOKMARK [4][-]{paragraph.2.1.3.3}{\376\377\000R\000e\000f\000i\000n\000a\000r\000\040\000e\000l\000\040\000b\000a\000c\000k\000l\000o\000g\000\040\000p\000r\000i\000o\000r\000i\000z\000a\000d\000o\000\040\000d\000e\000l\000\040\000p\000r\000o\000d\000u\000c\000t\000o\000.}{subsubsection.2.1.3}% 19
\BOOKMARK [3][-]{subsubsection.2.1.4}{\376\377\0002\000.\0001\000.\0004\000\040\000-\000\040\000F\000a\000s\000e\000\040\000-\000\040\000R\000e\000v\000i\000s\000i\000\363\000n\000\040\000y\000\040\000R\000e\000t\000r\000o\000s\000p\000e\000c\000t\000i\000v\000a}{subsection.2.1}% 20
\BOOKMARK [4][-]{paragraph.2.1.4.1}{\376\377\000D\000e\000m\000o\000s\000t\000r\000a\000r\000\040\000y\000\040\000v\000a\000l\000i\000d\000a\000r\000\040\000e\000l\000\040\000s\000p\000r\000i\000n\000t\000.}{subsubsection.2.1.4}% 21
\BOOKMARK [4][-]{paragraph.2.1.4.2}{\376\377\000R\000e\000t\000r\000o\000s\000p\000e\000c\000t\000i\000v\000a\000\040\000d\000e\000l\000\040\000s\000p\000r\000i\000n\000t\000.}{subsubsection.2.1.4}% 22
\BOOKMARK [3][-]{subsubsection.2.1.5}{\376\377\0002\000.\0001\000.\0005\000\040\000-\000\040\000F\000a\000s\000e\000\040\000-\000\040\000L\000i\000b\000e\000r\000a\000c\000i\000\363\000n}{subsection.2.1}% 23
\BOOKMARK [4][-]{paragraph.2.1.5.1}{\376\377\000E\000n\000v\000i\000a\000r\000\040\000E\000n\000t\000r\000e\000g\000a\000b\000l\000e\000s\000.}{subsubsection.2.1.5}% 24
\BOOKMARK [4][-]{paragraph.2.1.5.2}{\376\377\000R\000e\000t\000r\000o\000s\000p\000e\000c\000t\000i\000v\000a\000\040\000d\000e\000\040\000l\000a\000\040\000l\000i\000b\000e\000r\000a\000c\000i\000\363\000n\000.}{subsubsection.2.1.5}% 25
\BOOKMARK [2][-]{subsection.2.2}{\376\377\000E\000n\000t\000r\000e\000v\000i\000s\000t\000a}{section.2}% 26
\BOOKMARK [2][-]{subsection.2.3}{\376\377\0002\000.\0003\000\040\000-\000\040\000E\000s\000p\000e\000c\000i\000f\000i\000c\000a\000c\000i\000\363\000n\000\040\000d\000e\000\040\000r\000e\000q\000u\000i\000s\000i\000t\000o\000s\000\040\000d\000e\000\040\000S\000o\000f\000t\000w\000a\000r\000e}{section.2}% 27
\BOOKMARK [3][-]{subsubsection.2.3.1}{\376\377\0002\000.\0003\000.\0001\000\040\000-\000\040\000I\000n\000t\000r\000o\000d\000u\000c\000c\000i\000\363\000n}{subsection.2.3}% 28
\BOOKMARK [4][-]{paragraph.2.3.1.1}{\376\377\0002\000.\0003\000.\0001\000.\0002\000\040\000-\000\040\000A\000l\000c\000a\000n\000c\000e}{subsubsection.2.3.1}% 29
\BOOKMARK [4][-]{paragraph.2.3.1.2}{\376\377\0002\000.\0003\000.\0001\000.\0003\000\040\000-\000\040\000D\000e\000f\000i\000n\000i\000c\000i\000o\000n\000e\000s\000,\000\040\000a\000c\000r\000\363\000n\000i\000m\000o\000s\000\040\000y\000\040\000a\000b\000r\000e\000v\000i\000a\000t\000u\000r\000a\000s}{subsubsection.2.3.1}% 30
\BOOKMARK [3][-]{subsubsection.2.3.2}{\376\377\0002\000.\0003\000.\0002\000\040\000-\000\040\000D\000e\000s\000c\000r\000i\000p\000c\000i\000\363\000n\000\040\000G\000e\000n\000e\000r\000a\000l}{subsection.2.3}% 31
\BOOKMARK [4][-]{paragraph.2.3.2.1}{\376\377\0002\000.\0003\000.\0002\000.\0001\000\040\000-\000\040\000P\000e\000r\000s\000p\000e\000c\000t\000i\000v\000a\000\040\000d\000e\000l\000\040\000p\000r\000o\000d\000u\000c\000t\000o}{subsubsection.2.3.2}% 32
\BOOKMARK [4][-]{paragraph.2.3.2.2}{\376\377\0002\000.\0003\000.\0002\000.\0002\000\040\000-\000\040\000F\000u\000n\000c\000i\000o\000n\000a\000l\000i\000d\000a\000d\000\040\000d\000e\000l\000\040\000P\000r\000o\000d\000u\000c\000t\000o}{subsubsection.2.3.2}% 33
\BOOKMARK [4][-]{paragraph.2.3.2.3}{\376\377\0002\000.\0003\000.\0002\000.\0003\000\040\000-\000\040\000C\000a\000r\000a\000c\000t\000e\000r\000\355\000s\000t\000i\000c\000a\000s\000\040\000d\000e\000\040\000l\000o\000s\000\040\000u\000s\000u\000a\000r\000i\000o\000s}{subsubsection.2.3.2}% 34
\BOOKMARK [4][-]{paragraph.2.3.2.4}{\376\377\0002\000.\0003\000.\0002\000.\0004\000\040\000-\000\040\000R\000e\000s\000t\000r\000i\000c\000c\000i\000o\000n\000e\000s}{subsubsection.2.3.2}% 35
\BOOKMARK [4][-]{paragraph.2.3.2.5}{\376\377\0002\000.\0003\000.\0002\000.\0005\000\040\000-\000\040\000S\000u\000p\000o\000s\000i\000c\000i\000o\000n\000e\000s\000\040\000y\000\040\000d\000e\000p\000e\000n\000d\000e\000n\000c\000i\000a\000s}{subsubsection.2.3.2}% 36
\BOOKMARK [3][-]{subsubsection.2.3.3}{\376\377\0002\000.\0003\000.\0003\000\040\000-\000\040\000R\000e\000q\000u\000i\000s\000i\000t\000o\000s\000\040\000E\000s\000p\000e\000c\000\355\000f\000i\000c\000o\000s}{subsection.2.3}% 37
\BOOKMARK [4][-]{paragraph.2.3.3.1}{\376\377\0002\000.\0003\000.\0003\000.\0001\000\040\000-\000\040\000R\000e\000q\000u\000i\000s\000i\000t\000o\000s\000\040\000F\000u\000n\000c\000i\000o\000n\000a\000l\000e\000s}{subsubsection.2.3.3}% 38
\BOOKMARK [5][-]{figure.caption.10}{\376\377\000G\000e\000s\000t\000i\000\363\000n\000\040\000d\000e\000\040\000U\000s\000u\000a\000r\000i\000o\000s\000.}{paragraph.2.3.3.1}% 39
\BOOKMARK [5][-]{figure.caption.11}{\376\377\000G\000e\000s\000t\000i\000\363\000n\000\040\000d\000e\000\040\000p\000a\000g\000o\000s\000\040\000y\000\040\000e\000x\000p\000e\000n\000s\000a\000s}{paragraph.2.3.3.1}% 40
\BOOKMARK [5][-]{figure.caption.12}{\376\377\000G\000e\000s\000t\000i\000\363\000n\000\040\000d\000e\000\040\000e\000s\000p\000a\000c\000i\000o\000s\000\040\000c\000o\000m\000u\000n\000e\000s\000.}{paragraph.2.3.3.1}% 41
\BOOKMARK [5][-]{figure.caption.13}{\376\377\000G\000e\000s\000t\000i\000\363\000n\000\040\000d\000e\000\040\000v\000i\000s\000i\000t\000a\000s\000\040\000y\000\040\000p\000a\000q\000u\000e\000t\000e\000r\000\355\000a\000.}{paragraph.2.3.3.1}% 42
\BOOKMARK [5][-]{figure.caption.14}{\376\377\000G\000e\000s\000t\000i\000\363\000n\000\040\000d\000e\000\040\000c\000o\000m\000u\000n\000i\000c\000a\000c\000i\000\363\000n\000\040\000y\000\040\000d\000o\000c\000u\000m\000e\000n\000t\000o\000s\000.}{paragraph.2.3.3.1}% 43
\BOOKMARK [5][-]{figure.caption.15}{\376\377\000G\000e\000s\000t\000i\000\363\000n\000\040\000d\000e\000\040\000d\000e\000p\000a\000r\000t\000a\000m\000e\000n\000t\000o\000s\000\040\000y\000\040\000c\000o\000n\000t\000r\000a\000t\000o\000s}{paragraph.2.3.3.1}% 44
\BOOKMARK [3][-]{subsubsection.2.3.4}{\376\377\0002\000.\0003\000.\0004\000\040\000-\000\040\000R\000e\000q\000u\000i\000s\000i\000t\000o\000s\000\040\000N\000o\000\040\000F\000u\000n\000c\000i\000o\000n\000a\000l\000e\000s}{subsection.2.3}% 45
\BOOKMARK [4][-]{paragraph.2.3.4.1}{\376\377\0002\000.\0003\000.\0004\000.\0001\000\040\000-\000\040\000R\000e\000q\000u\000i\000s\000i\000t\000o\000s\000\040\000d\000e\000l\000\040\000p\000r\000o\000d\000u\000c\000t\000o}{subsubsection.2.3.4}% 46
\BOOKMARK [4][-]{paragraph.2.3.4.2}{\376\377\0002\000.\0003\000.\0004\000.\0002\000\040\000-\000\040\000R\000e\000q\000u\000i\000s\000i\000t\000o\000s\000\040\000o\000r\000g\000a\000n\000i\000z\000a\000c\000i\000o\000n\000a\000l\000e\000s}{subsubsection.2.3.4}% 47
\BOOKMARK [4][-]{paragraph.2.3.4.3}{\376\377\0002\000.\0003\000.\0004\000.\0003\000\040\000-\000\040\000R\000e\000q\000u\000i\000s\000i\000t\000o\000s\000\040\000e\000x\000t\000e\000r\000n\000o\000s}{subsubsection.2.3.4}% 48
\BOOKMARK [2][-]{subsection.2.4}{\376\377\0002\000.\0004\000\040\000-\000\040\000A\000n\000\341\000l\000i\000s\000i\000s\000\040\000d\000e\000\040\000R\000i\000e\000s\000g\000o\000s}{section.2}% 49
\BOOKMARK [3][-]{subsubsection.2.4.1}{\376\377\0002\000.\0005\000\040\000-\000\040\000P\000l\000a\000n\000i\000f\000i\000c\000a\000c\000i\000\363\000n\000\040\000d\000e\000l\000\040\000P\000r\000o\000y\000e\000c\000t\000o}{subsection.2.4}% 50
\BOOKMARK [4][-]{paragraph.2.4.1.1}{\376\377\0002\000.\0005\000.\0001\000\040\000-\000\040\000L\000i\000b\000e\000r\000a\000c\000i\000\363\000n\000\040\0001\000:\000\040\000G\000e\000s\000t\000i\000\363\000n\000\040\000F\000i\000n\000a\000n\000c\000i\000e\000r\000a\000\040\000B\000a\000s\000e}{subsubsection.2.4.1}% 51
\BOOKMARK [4][-]{paragraph.2.4.1.2}{\376\377\0002\000.\0005\000.\0002\000\040\000-\000\040\000L\000i\000b\000e\000r\000a\000c\000i\000\363\000n\000\040\0002\000:\000\040\000G\000e\000s\000t\000i\000\363\000n\000\040\000d\000e\000\040\000E\000s\000p\000a\000c\000i\000o\000s\000\040\000y\000\040\000U\000s\000u\000a\000r\000i\000o\000s}{subsubsection.2.4.1}% 52
\BOOKMARK [4][-]{paragraph.2.4.1.3}{\376\377\0002\000.\0005\000.\0003\000\040\000-\000\040\000L\000i\000b\000e\000r\000a\000c\000i\000\363\000n\000\040\0003\000:\000\040\000S\000e\000g\000u\000r\000i\000d\000a\000d\000\040\000y\000\040\000T\000r\000a\000n\000s\000p\000a\000r\000e\000n\000c\000i\000a}{subsubsection.2.4.1}% 53
\BOOKMARK [4][-]{paragraph.2.4.1.4}{\376\377\0002\000.\0005\000.\0004\000\040\000-\000\040\000A\000c\000t\000i\000v\000i\000d\000a\000d\000e\000s\000\040\000y\000\040\000C\000e\000r\000e\000m\000o\000n\000i\000a\000s\000\040\000\301\000g\000i\000l\000e\000s}{subsubsection.2.4.1}% 54
\BOOKMARK [1][-]{section.3}{\376\377\000H\000e\000r\000r\000a\000m\000i\000e\000n\000t\000a\000s\000\040\000y\000/\000o\000\040\000l\000e\000n\000g\000u\000a\000j\000e\000s\000\040\000d\000e\000\040\000p\000r\000o\000g\000r\000a\000m\000a\000c\000i\000\363\000n}{}% 55
