This is pdfTeX, Version 3.141592653-2.6-1.40.28 (MiKTeX 25.12) (preloaded format=pdflatex 2026.5.27)  29 MAY 2026 10:45
entering extended mode
 restricted \write18 enabled.
 file:line:error style messages enabled.
 %&-line parsing enabled.
**"c:/Users/Matia/OneDrive/Documents/Facultad/3er Año/1er Cuatrimestre/Ingenieria-del-Software-I/Trabajo de Campo/main.tex"
(c:/Users/Matia/OneDrive/Documents/Facultad/3er Año/1er Cuatrimestre/Ingenieria-del-Software-I/Trabajo de Campo/main.tex
LaTeX2e <2025-11-01>
L3 programming layer <2025-12-24>
(C:\Users\Matia\AppData\Local\Programs\MiKTeX\tex/latex/base\article.cls
Document Class: article 2025/01/22 v1.4n Standard LaTeX document class
(C:\Users\Matia\AppData\Local\Programs\MiKTeX\tex/latex/base\size11.clo
File: size11.clo 2025/01/22 v1.4n Standard LaTeX file (size option)
)
\c@part=\count275
\c@section=\count276
\c@subsection=\count277
\c@subsubsection=\count278
\c@paragraph=\count279
\c@subparagraph=\count280
\c@figure=\count281
\c@table=\count282
\abovecaptionskip=\skip49
\belowcaptionskip=\skip50
\bibindent=\dimen148
) (C:\Users\Matia\AppData\Local\Programs\MiKTeX\tex/latex/base\inputenc.sty
Package: inputenc 2024/02/08 v1.3d Input encoding file
\inpenc@prehook=\toks17
\inpenc@posthook=\toks18
) (C:\Users\Matia\AppData\Local\Programs\MiKTeX\tex/generic/babel\babel.sty
Package: babel 2025/12/11 v25.17 The multilingual framework for LuaLaTeX, pdfLaTeX and XeLaTeX
\babel@savecnt=\count283
LaTeX Encoding Info:    Redeclaring text command \ij (encoding OT1) on input line 2068.
LaTeX Encoding Info:    Redeclaring text command \IJ (encoding OT1) on input line 2070.
LaTeX Encoding Info:    Redeclaring text command \ij (encoding T1) on input line 2072.
LaTeX Encoding Info:    Redeclaring text command \IJ (encoding T1) on input line 2073.
LaTeX Encoding Info:    Ignoring declaration for text command \ij (encoding ?) on input line 2074.
LaTeX Encoding Info:    Ignoring declaration for text command \IJ (encoding ?) on input line 2076.
LaTeX Encoding Info:    Ignoring declaration for text command \SS (encoding ?) on input line 2101.
\U@D=\dimen149
\l@unhyphenated=\language79
 (C:\Users\Matia\AppData\Local\Programs\MiKTeX\tex/generic/babel\txtbabel.def)
\bbl@readstream=\read2
\bbl@dirlevel=\count284
Package babel Info: Configuration files are deprecated, as
(babel)             they can break document portability.
(babel)             Reported on input line 4196.

*************************************
* Local config file bblopts.cfg used
*
(C:\Users\Matia\AppData\Local\Programs\MiKTeX\tex/latex/arabi\bblopts.cfg
File: bblopts.cfg 2005/09/08 v0.1 add Arabic and Farsi to "declared" options of babel
) (C:\Users\Matia\AppData\Local\Programs\MiKTeX\tex/generic/babel/locale/es\babel-spanish.tex)
Package babel Info: Importing font and identification data for spanish
(babel)             from babel-es.ini. Reported on input line 4320.
 (C:\Users\Matia\AppData\Local\Programs\MiKTeX\tex/latex/babel-spanish\spanish.ldf
Language: spanish.ldf 2021/05/27 v5.0q Spanish support from the babel system
\es@quottoks=\toks19
\es@quotdepth=\count285
Package babel Info: Making " an active character on input line 570.
Package babel Info: Making . an active character on input line 675.
Package babel Info: Making < an active character on input line 722.
Package babel Info: Making > an active character on input line 722.
))
LaTeX Encoding Info:    Redeclaring text command \guillemotleft (encoding OT1) on input line 4.
LaTeX Encoding Info:    Redeclaring text command \guillemotright (encoding OT1) on input line 4.
 (C:\Users\Matia\AppData\Local\Programs\MiKTeX\tex/latex/geometry\geometry.sty
Package: geometry 2026/03/07 v6.0 Page Geometry
 (C:\Users\Matia\AppData\Local\Programs\MiKTeX\tex/latex/graphics\keyval.sty
Package: keyval 2022/05/29 v1.15 key=value parser (DPC)
\KV@toks@=\toks20
) (C:\Users\Matia\AppData\Local\Programs\MiKTeX\tex/generic/iftex\ifvtex.sty
Package: ifvtex 2019/10/25 v1.7 ifvtex legacy package. Use iftex instead.
 (C:\Users\Matia\AppData\Local\Programs\MiKTeX\tex/generic/iftex\iftex.sty
Package: iftex 2024/12/12 v1.0g TeX engine tests
))
\Gm@cnth=\count286
\Gm@cntv=\count287
\c@Gm@tempcnt=\count288
\Gm@bindingoffset=\dimen150
\Gm@wd@mp=\dimen151
\Gm@odd@mp=\dimen152
\Gm@even@mp=\dimen153
\Gm@layoutwidth=\dimen154
\Gm@layoutheight=\dimen155
\Gm@layouthoffset=\dimen156
\Gm@layoutvoffset=\dimen157
\Gm@dimlist=\toks21
 (C:\Users\Matia\AppData\Local\Programs\MiKTeX\tex/latex/geometry\geometry.cfg)) (C:\Users\Matia\AppData\Local\Programs\MiKTeX\tex/latex/psnfss\helvet.sty
Package: helvet 2020/03/25 PSNFSS-v9.3 (WaS) 
) (C:\Users\Matia\AppData\Local\Programs\MiKTeX\tex/latex/setspace\setspace.sty
Package: setspace 2022/12/04 v6.7b set line spacing
) (C:\Users\Matia\AppData\Local\Programs\MiKTeX\tex/latex/graphics\graphicx.sty
Package: graphicx 2024/12/31 v1.2e Enhanced LaTeX Graphics (DPC,SPQR)
 (C:\Users\Matia\AppData\Local\Programs\MiKTeX\tex/latex/graphics\graphics.sty
Package: graphics 2024/08/06 v1.4g Standard LaTeX Graphics (DPC,SPQR)
 (C:\Users\Matia\AppData\Local\Programs\MiKTeX\tex/latex/graphics\trig.sty
Package: trig 2023/12/02 v1.11 sin cos tan (DPC)
) (C:\Users\Matia\AppData\Local\Programs\MiKTeX\tex/latex/graphics-cfg\graphics.cfg
File: graphics.cfg 2016/06/04 v1.11 sample graphics configuration
)
Package graphics Info: Driver file: pdftex.def on input line 106.
 (C:\Users\Matia\AppData\Local\Programs\MiKTeX\tex/latex/graphics-def\pdftex.def
File: pdftex.def 2025/09/29 v1.2d Graphics/color driver for pdftex
))
\Gin@req@height=\dimen158
\Gin@req@width=\dimen159
) (C:\Users\Matia\AppData\Local\Programs\MiKTeX\tex/latex/float\float.sty
Package: float 2001/11/08 v1.3d Float enhancements (AL)
\c@float@type=\count289
\float@exts=\toks22
\float@box=\box53
\@float@everytoks=\toks23
\@floatcapt=\box54
) (C:\Users\Matia\AppData\Local\Programs\MiKTeX\tex/latex/tools\longtable.sty
Package: longtable 2025-10-13 v4.24 Multi-page Table package (DPC)
\LTleft=\skip51
\LTright=\skip52
\LTpre=\skip53
\LTpost=\skip54
\LTchunksize=\count290
\LTcapwidth=\dimen160
\LT@head=\box55
\LT@firsthead=\box56
\LT@foot=\box57
\LT@lastfoot=\box58
\LT@gbox=\box59
\LT@cols=\count291
\LT@rows=\count292
\c@LT@tables=\count293
\c@LT@chunks=\count294
\LT@p@ftn=\toks24
) (C:\Users\Matia\AppData\Local\Programs\MiKTeX\tex/latex/booktabs\booktabs.sty
Package: booktabs 2020/01/12 v1.61803398 Publication quality tables
\heavyrulewidth=\dimen161
\lightrulewidth=\dimen162
\cmidrulewidth=\dimen163
\belowrulesep=\dimen164
\belowbottomsep=\dimen165
\aboverulesep=\dimen166
\abovetopsep=\dimen167
\cmidrulesep=\dimen168
\cmidrulekern=\dimen169
\defaultaddspace=\dimen170
\@cmidla=\count295
\@cmidlb=\count296
\@aboverulesep=\dimen171
\@belowrulesep=\dimen172
\@thisruleclass=\count297
\@lastruleclass=\count298
\@thisrulewidth=\dimen173
) (C:\Users\Matia\AppData\Local\Programs\MiKTeX\tex/latex/tools\tabularx.sty
Package: tabularx 2023/12/11 v2.12a `tabularx' package (DPC)
 (C:\Users\Matia\AppData\Local\Programs\MiKTeX\tex/latex/tools\array.sty
Package: array 2025/09/25 v2.6n Tabular extension package (FMi)
\col@sep=\dimen174
\ar@mcellbox=\box60
\extrarowheight=\dimen175
\NC@list=\toks25
\extratabsurround=\skip55
\backup@length=\skip56
\ar@cellbox=\box61
)
\TX@col@width=\dimen176
\TX@old@table=\dimen177
\TX@old@col=\dimen178
\TX@target=\dimen179
\TX@delta=\dimen180
\TX@cols=\count299
\TX@ftn=\toks26
) (C:\Users\Matia\AppData\Local\Programs\MiKTeX\tex/latex/hyperref\hyperref.sty
Package: hyperref 2025-07-12 v7.01o Hypertext links for LaTeX
 (C:\Users\Matia\AppData\Local\Programs\MiKTeX\tex/latex/kvsetkeys\kvsetkeys.sty
Package: kvsetkeys 2022-10-05 v1.19 Key value parser (HO)
) (C:\Users\Matia\AppData\Local\Programs\MiKTeX\tex/generic/kvdefinekeys\kvdefinekeys.sty
Package: kvdefinekeys 2019-12-19 v1.6 Define keys (HO)
) (C:\Users\Matia\AppData\Local\Programs\MiKTeX\tex/generic/pdfescape\pdfescape.sty
Package: pdfescape 2019/12/09 v1.15 Implements pdfTeX's escape features (HO)
 (C:\Users\Matia\AppData\Local\Programs\MiKTeX\tex/generic/ltxcmds\ltxcmds.sty
Package: ltxcmds 2023-12-04 v1.26 LaTeX kernel commands for general use (HO)
) (C:\Users\Matia\AppData\Local\Programs\MiKTeX\tex/generic/pdftexcmds\pdftexcmds.sty
Package: pdftexcmds 2020-06-27 v0.33 Utility functions of pdfTeX for LuaTeX (HO)
 (C:\Users\Matia\AppData\Local\Programs\MiKTeX\tex/generic/infwarerr\infwarerr.sty
Package: infwarerr 2019/12/03 v1.5 Providing info/warning/error messages (HO)
)
Package pdftexcmds Info: \pdf@primitive is available.
Package pdftexcmds Info: \pdf@ifprimitive is available.
Package pdftexcmds Info: \pdfdraftmode found.
)) (C:\Users\Matia\AppData\Local\Programs\MiKTeX\tex/latex/hycolor\hycolor.sty
Package: hycolor 2020-01-27 v1.10 Color options for hyperref/bookmark (HO)
) (C:\Users\Matia\AppData\Local\Programs\MiKTeX\tex/latex/hyperref\nameref.sty
Package: nameref 2025-06-21 v2.57 Cross-referencing by name of section
 (C:\Users\Matia\AppData\Local\Programs\MiKTeX\tex/latex/refcount\refcount.sty
Package: refcount 2019/12/15 v3.6 Data extraction from label references (HO)
) (C:\Users\Matia\AppData\Local\Programs\MiKTeX\tex/generic/gettitlestring\gettitlestring.sty
Package: gettitlestring 2019/12/15 v1.6 Cleanup title references (HO)
 (C:\Users\Matia\AppData\Local\Programs\MiKTeX\tex/latex/kvoptions\kvoptions.sty
Package: kvoptions 2022-06-15 v3.15 Key value format for package options (HO)
))
\c@section@level=\count300
) (C:\Users\Matia\AppData\Local\Programs\MiKTeX\tex/latex/etoolbox\etoolbox.sty
Package: etoolbox 2025/10/02 v2.5m e-TeX tools for LaTeX (JAW)
\etb@tempcnta=\count301
) (C:\Users\Matia\AppData\Local\Programs\MiKTeX\tex/generic/stringenc\stringenc.sty
Package: stringenc 2019/11/29 v1.12 Convert strings between diff. encodings (HO)
)
\@linkdim=\dimen181
\Hy@linkcounter=\count302
\Hy@pagecounter=\count303
 (C:\Users\Matia\AppData\Local\Programs\MiKTeX\tex/latex/hyperref\pd1enc.def
File: pd1enc.def 2025-07-12 v7.01o Hyperref: PDFDocEncoding definition (HO)
Now handling font encoding PD1 ...
... no UTF-8 mapping file for font encoding PD1
) (C:\Users\Matia\AppData\Local\Programs\MiKTeX\tex/generic/intcalc\intcalc.sty
Package: intcalc 2019/12/15 v1.3 Expandable calculations with integers (HO)
)
\Hy@SavedSpaceFactor=\count304
 (C:\Users\Matia\AppData\Local\Programs\MiKTeX\tex/latex/hyperref\puenc.def
File: puenc.def 2025-07-12 v7.01o Hyperref: PDF Unicode definition (HO)
Now handling font encoding PU ...
... no UTF-8 mapping file for font encoding PU
)
Package hyperref Info: Hyper figures OFF on input line 4195.
Package hyperref Info: Link nesting OFF on input line 4200.
Package hyperref Info: Hyper index ON on input line 4203.
Package hyperref Info: Plain pages OFF on input line 4210.
Package hyperref Info: Backreferencing OFF on input line 4215.
Package hyperref Info: Implicit mode ON; LaTeX internals redefined.
Package hyperref Info: Bookmarks ON on input line 4462.
\c@Hy@tempcnt=\count305
 (C:\Users\Matia\AppData\Local\Programs\MiKTeX\tex/latex/url\url.sty
\Urlmuskip=\muskip17
Package: url 2013/09/16  ver 3.4  Verb mode for urls, etc.
)
LaTeX Info: Redefining \url on input line 4801.
\XeTeXLinkMargin=\dimen182
 (C:\Users\Matia\AppData\Local\Programs\MiKTeX\tex/generic/bitset\bitset.sty
Package: bitset 2019/12/09 v1.3 Handle bit-vector datatype (HO)
 (C:\Users\Matia\AppData\Local\Programs\MiKTeX\tex/generic/bigintcalc\bigintcalc.sty
Package: bigintcalc 2019/12/15 v1.5 Expandable calculations on big integers (HO)
))
\Fld@menulength=\count306
\Field@Width=\dimen183
\Fld@charsize=\dimen184
Package hyperref Info: Hyper figures OFF on input line 6078.
Package hyperref Info: Link nesting OFF on input line 6083.
Package hyperref Info: Hyper index ON on input line 6086.
Package hyperref Info: backreferencing OFF on input line 6093.
Package hyperref Info: Link coloring OFF on input line 6098.
Package hyperref Info: Link coloring with OCG OFF on input line 6103.
Package hyperref Info: PDF/A mode OFF on input line 6108.
\Hy@abspage=\count307
\c@Item=\count308
\c@Hfootnote=\count309
)
Package hyperref Info: Driver (autodetected): hpdftex.
 (C:\Users\Matia\AppData\Local\Programs\MiKTeX\tex/latex/hyperref\hpdftex.def
File: hpdftex.def 2025-07-12 v7.01o Hyperref driver for pdfTeX
\Fld@listcount=\count310
\c@bookmark@seq@number=\count311
 (C:\Users\Matia\AppData\Local\Programs\MiKTeX\tex/latex/rerunfilecheck\rerunfilecheck.sty
Package: rerunfilecheck 2025-06-21 v1.11 Rerun checks for auxiliary files (HO)
 (C:\Users\Matia\AppData\Local\Programs\MiKTeX\tex/generic/uniquecounter\uniquecounter.sty
Package: uniquecounter 2019/12/15 v1.4 Provide unlimited unique counter (HO)
)
Package uniquecounter Info: New unique counter `rerunfilecheck' on input line 284.
)
\Hy@SectionHShift=\skip57
) (C:\Users\Matia\AppData\Local\Programs\MiKTeX\tex/latex/enumitem\enumitem.sty
Package: enumitem 2025/02/06 v3.11 Customized lists
\labelindent=\skip58
\enit@outerparindent=\dimen185
\enit@toks=\toks27
\enit@inbox=\box62
\enit@count@id=\count312
\enitdp@description=\count313
) (C:\Users\Matia\AppData\Local\Programs\MiKTeX\tex/latex/caption\caption.sty
Package: caption 2023/08/05 v3.6o Customizing captions (AR)
 (C:\Users\Matia\AppData\Local\Programs\MiKTeX\tex/latex/caption\caption3.sty
Package: caption3 2023/07/31 v2.4d caption3 kernel (AR)
\caption@tempdima=\dimen186
\captionmargin=\dimen187
\caption@leftmargin=\dimen188
\caption@rightmargin=\dimen189
\caption@width=\dimen190
\caption@indent=\dimen191
\caption@parindent=\dimen192
\caption@hangindent=\dimen193
Package caption Info: Standard document class detected.
)
\c@caption@flags=\count314
\c@continuedfloat=\count315
Package caption Info: float package is loaded.
Package caption Info: hyperref package is loaded.
Package caption Info: longtable package is loaded.
 (C:\Users\Matia\AppData\Local\Programs\MiKTeX\tex/latex/caption\ltcaption.sty
Package: ltcaption 2021/01/08 v1.4c longtable captions (AR)
))
LaTeX Font Info:    Trying to load font information for OT1+phv on input line 47.
 (C:\Users\Matia\AppData\Local\Programs\MiKTeX\tex/latex/psnfss\ot1phv.fd
File: ot1phv.fd 2020/03/25 scalable font definitions for OT1/phv.
) (C:\Users\Matia\AppData\Local\Programs\MiKTeX\tex/latex/l3backend\l3backend-pdftex.def
File: l3backend-pdftex.def 2025-10-09 L3 backend support: PDF output (pdfTeX)
\l__color_backend_stack_int=\count316
) (main.aux
LaTeX Info: Redefining \. on input line 11.
LaTeX Info: Redefining \% on input line 11.
Package babel Info: 'spanish' activates 'spanish' shorthands.
(babel)             Reported on input line 11.
)
\openout1 = `main.aux'.

LaTeX Font Info:    Checking defaults for OML/cmm/m/it on input line 47.
LaTeX Font Info:    ... okay on input line 47.
LaTeX Font Info:    Checking defaults for OMS/cmsy/m/n on input line 47.
LaTeX Font Info:    ... okay on input line 47.
LaTeX Font Info:    Checking defaults for OT1/cmr/m/n on input line 47.
LaTeX Font Info:    ... okay on input line 47.
LaTeX Font Info:    Checking defaults for T1/cmr/m/n on input line 47.
LaTeX Font Info:    ... okay on input line 47.
LaTeX Font Info:    Checking defaults for TS1/cmr/m/n on input line 47.
LaTeX Font Info:    ... okay on input line 47.
LaTeX Font Info:    Checking defaults for OMX/cmex/m/n on input line 47.
LaTeX Font Info:    ... okay on input line 47.
LaTeX Font Info:    Checking defaults for U/cmr/m/n on input line 47.
LaTeX Font Info:    ... okay on input line 47.
LaTeX Font Info:    Checking defaults for PD1/pdf/m/n on input line 47.
LaTeX Font Info:    ... okay on input line 47.
LaTeX Font Info:    Checking defaults for PU/pdf/m/n on input line 47.
LaTeX Font Info:    ... okay on input line 47.
LaTeX Info: Redefining \. on input line 47.
LaTeX Info: Redefining \% on input line 47.

*geometry* driver: auto-detecting
*geometry* detected driver: pdftex
*geometry* verbose mode - [ preamble ] result:
* driver: pdftex
* paper: a4paper
* layout: <same size as paper>
* layoutoffset:(h,v)=(0.0pt,0.0pt)
* modes: 
* h-part:(L,W,R)=(71.13188pt, 455.24411pt, 71.13188pt)
* v-part:(T,H,B)=(85.35826pt, 688.5567pt, 71.13188pt)
* \paperwidth=597.50787pt
* \paperheight=845.04684pt
* \textwidth=455.24411pt
* \textheight=688.5567pt
* \oddsidemargin=-1.1381pt
* \evensidemargin=-1.1381pt
* \topmargin=-23.91173pt
* \headheight=12.0pt
* \headsep=25.0pt
* \topskip=11.0pt
* \footskip=30.0pt
* \marginparwidth=50.0pt
* \marginparsep=10.0pt
* \columnsep=10.0pt
* \skip\footins=10.0pt plus 4.0pt minus 2.0pt
* \hoffset=0.0pt
* \voffset=0.0pt
* \mag=1000
* \@twocolumnfalse
* \@twosidefalse
* \@mparswitchfalse
* \@reversemarginfalse
* (1in=72.27pt=25.4mm, 1cm=28.453pt)

(C:\Users\Matia\AppData\Local\Programs\MiKTeX\tex/context/base/mkii\supp-pdf.mkii
[Loading MPS to PDF converter (version 2006.09.02).]
\scratchcounter=\count317
\scratchdimen=\dimen194
\scratchbox=\box63
\nofMPsegments=\count318
\nofMParguments=\count319
\everyMPshowfont=\toks28
\MPscratchCnt=\count320
\MPscratchDim=\dimen195
\MPnumerator=\count321
\makeMPintoPDFobject=\count322
\everyMPtoPDFconversion=\toks29
) (C:\Users\Matia\AppData\Local\Programs\MiKTeX\tex/latex/epstopdf-pkg\epstopdf-base.sty
Package: epstopdf-base 2020-01-24 v2.11 Base part for package epstopdf
Package epstopdf-base Info: Redefining graphics rule for `.eps' on input line 485.
 (C:\Users\Matia\AppData\Local\Programs\MiKTeX\tex/latex/00miktex\epstopdf-sys.cfg
File: epstopdf-sys.cfg 2021/03/18 v2.0 Configuration of epstopdf for MiKTeX
))
Package hyperref Info: Link coloring OFF on input line 47.
 (main.out) (main.out)
\@outlinefile=\write3
\openout3 = `main.out'.

Package caption Info: Begin \AtBeginDocument code.
Package caption Info: End \AtBeginDocument code.
 [1

{C:/Users/Matia/AppData/Local/MiKTeX/fonts/map/pdftex/pdftex.map}{C:/Users/Matia/AppData/Local/Programs/MiKTeX/fonts/enc/dvips/base/8r.enc}] (main.toc
LaTeX Info: Redefining \. on input line 1.
LaTeX Info: Redefining \% on input line 1.
LaTeX Font Info:    External font `cmex10' loaded for size
(Font)              <10.95> on input line 3.
LaTeX Font Info:    External font `cmex10' loaded for size
(Font)              <8> on input line 3.
LaTeX Font Info:    External font `cmex10' loaded for size
(Font)              <6> on input line 3.

pdfTeX warning (ext4): destination with the same identifier (name{page.1}) has been already used, duplicate ignored
<to be read again> 
                   \relax 
l.42 ... espacios comunes.}{31}{figure.caption.12}
                                                  % [1])
\tf@toc=\write4
\openout4 = `main.toc'.

 [2] (main.lof
LaTeX Info: Redefining \. on input line 1.
LaTeX Info: Redefining \% on input line 1.
)
\tf@lof=\write5
\openout5 = `main.lof'.

 [3] (sections/introduccion.tex (sections/introduccion/1_1_introduccion.tex) (sections/introduccion/1_2_breve_estado_arte.tex) (sections/introduccion/1_3_objetivos.tex
Underfull \hbox (badness 2762) in paragraph at lines 3--1
[]\OT1/phv/m/n/10.95 En la ac-tua-li-dad, la di-gi-ta-li-za-ci[]on de la ad-mi-nis-tra-ci[]on de pro-pie-da-des ha co-bra-do
 []

[4]) (sections/introduccion/1_4_fundamentacion.tex))
Underfull \hbox (badness 1377) in paragraph at lines 3--85
\OT1/phv/m/n/10.95 trans-pa-ren-cia. Se vuel-ve im-pe-ra-ti-vo pro-po-ner so-lu-cio-nes tec-nol[]ogi-cas que re-em-pla-cen
 []

[5] (sections/metodologia.tex (sections/metodologia/2_1_scrum.tex (sections/metodologia/2_1_scrum/2_1_1_inicio.tex
Underfull \hbox (badness 3746) in paragraph at lines 5--6
[]\OT1/phv/m/n/10.95 Para ad-mi-nis-tra-do-res, ve-ci-nos y pro-pie-ta-rios del edi-fi-cio que ne-ce-si-ten re-sol-ver la
 []

[6]
Underfull \hbox (badness 2359) in paragraph at lines 9--10
[]\OT1/phv/m/n/10.95 Bajo los cri-te-rios de: \OT1/phv/b/n/10.95 buen li-de-raz-go\OT1/phv/m/n/10.95 , \OT1/phv/b/n/10.95 asig-na-ci[]on de tra-ba-jo pa-ra los miem-bros
 []

<figures/lista-de-backlog-con-las-epicas.png, id=358, 862.22125pt x 1590.94376pt>
File: figures/lista-de-backlog-con-las-epicas.png Graphic file (type png)
<use figures/lista-de-backlog-con-las-epicas.png>
Package pdftex.def Info: figures/lista-de-backlog-con-las-epicas.png  used on input line 21.
(pdftex.def)             Requested size: 142.49301pt x 262.90707pt.
[7 <./figures/lista-de-backlog-con-las-epicas.png>]
LaTeX Font Info:    Font shape `OT1/phv/m/it' in size <10.95> not available
(Font)              Font shape `OT1/phv/m/sl' tried instead on input line 29.

Underfull \hbox (badness 1383) in paragraph at lines 35--36
[]\OT1/phv/b/n/10.95 Motor de Ex-pen-sas (Ad-mi-nis-tra-dor): \OT1/phv/m/n/10.95 HU3 (In-gre-so de Gas-tos), HU5 (Ge-ne-rar
 []


Underfull \hbox (badness 3428) in paragraph at lines 44--45
[][]\OT1/phv/b/n/10.95 Epi-ca 2 (Re-ser-va de es-pa-cios co-mu-nes): \OT1/phv/m/n/10.95 Se im-ple-men-tar[]an la HU17 (Ver
 []


Underfull \hbox (badness 1199) in paragraph at lines 51--52
[][]\OT1/phv/b/n/10.95 Epi-ca 4 (Se-gu-ri-dad y Vi-si-tas): \OT1/phv/m/n/10.95 HU26 (In-gre-so de vi-si-ta), HU27 (Re-cep-ci[]on de
 []

) (sections/metodologia/2_1_scrum/2_1_2_planificacion_estimacion.tex [8]
LaTeX Font Info:    Trying to load font information for TS1+phv on input line 24.
 (C:\Users\Matia\AppData\Local\Programs\MiKTeX\tex/latex/psnfss\ts1phv.fd
File: ts1phv.fd 2020/03/25 scalable font definitions for TS1/phv.
)
Underfull \hbox (badness 1354) in paragraph at lines 62--63
[]\OT1/phv/b/n/10.95 Entonces \OT1/phv/m/n/10.95 el sis-te-ma va-li-da que la su-ma de to-dos los co-efi-cien-tes sea
 []


Underfull \hbox (badness 1354) in paragraph at lines 70--71
[]\OT1/phv/b/n/10.95 Entonces \OT1/phv/m/n/10.95 el sis-te-ma va-li-da que la su-ma de to-dos los co-efi-cien-tes sea
 []

[9]
<figures/sprint-backlog.png, id=374, 1198.4775pt x 1569.865pt>
File: figures/sprint-backlog.png Graphic file (type png)
<use figures/sprint-backlog.png>
Package pdftex.def Info: figures/sprint-backlog.png  used on input line 85.
(pdftex.def)             Requested size: 318.66948pt x 417.4016pt.
 [10]
<figures/simulacion-de-estimacion-por-afinidad-en-trello.png, id=379, 1564.84625pt x 1128.215pt>
File: figures/simulacion-de-estimacion-por-afinidad-en-trello.png Graphic file (type png)
<use figures/simulacion-de-estimacion-por-afinidad-en-trello.png>
Package pdftex.def Info: figures/simulacion-de-estimacion-por-afinidad-en-trello.png  used on input line 95.
(pdftex.def)             Requested size: 364.19667pt x 262.5655pt.
 [11 <./figures/sprint-backlog.png>]
Underfull \hbox (badness 1062) in paragraph at lines 104--105
[]\OT1/phv/m/n/10.95 Para el \OT1/phv/b/n/10.95 Sprint 1 de la Li-be-ra-ci[]on 1\OT1/phv/m/n/10.95 , el equi-po se ha com-pro-me-ti-do for-mal-men-te a
 []

[12 <./figures/simulacion-de-estimacion-por-afinidad-en-trello.png>]
Overfull \hbox (4.74721pt too wide) in alignment at lines 118--122
 [] [] 
 []


Underfull \hbox (badness 10000) in paragraph at lines 124--125
[]|\OT1/phv/b/n/10.95 HU1 - Re-gis-tro del
 []


Underfull \hbox (badness 2042) in paragraph at lines 132--133
[]\OT1/phv/m/n/10.95 Implementar va-li-da-cio-nes de cam-pos (Nom-bre, CUIT,
 []


Underfull \hbox (badness 1728) in paragraph at lines 138--139
[]|\OT1/phv/b/n/10.95 HU2: Con-fi-gu-ra-ci[]on de
 []


Overfull \hbox (7.87221pt too wide) in paragraph at lines 138--139
\OT1/phv/b/n/10.95 De-par-ta-men-tos/Alquileres 
 []


Underfull \hbox (badness 10000) in paragraph at lines 162--163
[]|\OT1/phv/b/n/10.95 HU5 - Ge-ne-rar
 []


Underfull \hbox (badness 10000) in paragraph at lines 162--163
\OT1/phv/b/n/10.95 li-qui-da-ci[]on men-sual
 []


Underfull \hbox (badness 2027) in paragraph at lines 170--171
\OT1/phv/m/n/10.95 (por-cen-ta-je) de ca-da uni-dad fun-cio-nal pa-ra sa-car el
 []


Underfull \hbox (badness 10000) in paragraph at lines 184--185
[]\OT1/phv/b/n/10.95 Desarrollar la l[]ogi-ca de guar-da-do
 []


Underfull \hbox (badness 3590) in paragraph at lines 186--187
[]\OT1/phv/b/n/10.95 Generar com-pro-ban-te In-terno: \OT1/phv/m/n/10.95 Ma-que-tar una vis-ta
 []


Underfull \hbox (badness 7869) in paragraph at lines 191--192
[]|\OT1/phv/b/n/10.95 HU11 - Con-sul-tar mi
 []


Underfull \hbox (badness 10000) in paragraph at lines 191--192
\OT1/phv/b/n/10.95 es-ta-do de deu-das
 []


Underfull \hbox (badness 10000) in paragraph at lines 196--197
[]\OT1/phv/b/n/10.95 Desarrollar con-sul-ta a la ba-se de da-tos
 []


Underfull \hbox (badness 10000) in paragraph at lines 196--197
\OT1/phv/b/n/10.95 (Bac-kEnd/Controlador): \OT1/phv/m/n/10.95 bus-car en la ta-bla de
 []


Underfull \hbox (badness 1558) in paragraph at lines 197--198
[]\OT1/phv/b/n/10.95 Crear vis-ta prin-ci-pal (Fron-tEnd/Blade): \OT1/phv/m/n/10.95 ma-que-tar la
 []


Underfull \hbox (badness 10000) in paragraph at lines 205--206
\OT1/phv/b/n/10.95 de ex-pen-sa men-sual
 []


Underfull \hbox (badness 2343) in paragraph at lines 212--213
[]\OT1/phv/b/n/10.95 Maquetar vis-ta de de-ta-lle (Fron-tEnd): \OT1/phv/m/n/10.95 di-se[]nar una
 []


Underfull \hbox (badness 2318) in paragraph at lines 213--214
[]\OT1/phv/b/n/10.95 Formatear la sa-li-da de da-tos: \OT1/phv/m/n/10.95 con-fi-gu-rar co-lum-nas
 []


Underfull \hbox (badness 10000) in paragraph at lines 223--224
[]\OT1/phv/b/n/10.95 Investigar e in-te-grar API de pa-gos: \OT1/phv/m/n/10.95 Con-fi-gu-rar
 []


Underfull \hbox (badness 3492) in paragraph at lines 225--226
[]\OT1/phv/b/n/10.95 Desarrollar Con-tro-la-dor de In-te-gra-ci[]on (Bac-kend):
 []

LaTeX Font Info:    Font shape `OT1/phv/b/it' in size <10.95> not available
(Font)              Font shape `OT1/phv/b/sl' tried instead on input line 226.

Underfull \hbox (badness 10000) in paragraph at lines 233--234
\OT1/phv/b/n/10.95 de los es-pa-cios
 []


Underfull \hbox (badness 10000) in paragraph at lines 239--240
[]\OT1/phv/b/n/10.95 Crear for-mu-la-rio de so-li-ci-tud (Fron-tend/Blade):
 []


Underfull \hbox (badness 2142) in paragraph at lines 239--240
\OT1/phv/m/n/10.95 Ma-que-tar for-mu-la-rio con se-lec-tor de fe-cha, in-vi-ta-dos
 []


Underfull \hbox (badness 10000) in paragraph at lines 240--241
[]\OT1/phv/b/n/10.95 Desarrollar l[]ogi-ca de va-li-da-ci[]on
 []


Underfull \hbox (badness 1983) in paragraph at lines 242--243
[]\OT1/phv/b/n/10.95 Implementar dis-pa-ra-dor de no-ti-fi-ca-ci[]on (Bac-kend):
 []


Underfull \hbox (badness 10000) in paragraph at lines 252--253
[]\OT1/phv/b/n/10.95 Crear in-ter-faz de can-ce-la-ci[]on (Fron-tend/Blade):
 []


Underfull \hbox (badness 10000) in paragraph at lines 253--254
[]\OT1/phv/b/n/10.95 Desarrollar l[]ogi-ca de c[]alcu-lo de tiem-po
 []


Underfull \hbox (badness 3323) in paragraph at lines 253--254
\OT1/phv/b/n/10.95 (Bac-kend/Controlador): \OT1/phv/m/n/10.95 Cal-cu-lar di-fe-ren-cia en ho-ras
 []


Underfull \hbox (badness 4144) in paragraph at lines 257--258
[]\OT1/phv/b/n/10.95 Maquetar aler-tas de re-tro-ali-men-ta-ci[]on (Fron-tend):
 []


Underfull \hbox (badness 10000) in paragraph at lines 262--263
[]|\OT1/phv/b/n/10.95 HU17 - Ver
 []


Underfull \hbox (badness 10000) in paragraph at lines 262--263
\OT1/phv/b/n/10.95 dis-po-ni-bi-li-dad de los
 []


Underfull \hbox (badness 10000) in paragraph at lines 269--270
[]\OT1/phv/b/n/10.95 Mapear es-ta-dos de dis-po-ni-bi-li-dad (L[]ogi-ca de
 []


Underfull \hbox (badness 4713) in paragraph at lines 269--270
\OT1/phv/b/n/10.95 In-ter-faz): \OT1/phv/m/n/10.95 Asig-nar cla-ses CSS ver-de (dis-po-ni-ble) o
 []


Underfull \hbox (badness 2875) in paragraph at lines 281--282
[]\OT1/phv/b/n/10.95 Dise[]nar es-truc-tu-ra de usua-rios (Ba-se de Da-tos):
 []


Underfull \hbox (badness 10000) in paragraph at lines 283--284
[]\OT1/phv/b/n/10.95 Desarrollar l[]ogi-ca de va-li-da-ci[]on
 []


Underfull \hbox (badness 2134) in paragraph at lines 283--284
\OT1/phv/b/n/10.95 (Bac-kend/Controlador): \OT1/phv/m/n/10.95 Va-li-dar en ser-vi-dor que DNI
 []


Underfull \hbox (badness 3078) in paragraph at lines 284--285
[]\OT1/phv/b/n/10.95 Programar ge-ne-ra-ci[]on de cre-den-cia-les (Bac-kend):
 []


Underfull \hbox (badness 10000) in paragraph at lines 285--286
[]\OT1/phv/b/n/10.95 Implementar ser-vi-cio de men-sa-jer^^S^^Pa
 []


Underfull \hbox (badness 1472) in paragraph at lines 285--286
\OT1/phv/b/n/10.95 (Bac-kend/Mailable): \OT1/phv/m/n/10.95 En-viar co-rreo de bien-ve-ni-da con
 []


Underfull \hbox (badness 10000) in paragraph at lines 290--291
[]|\OT1/phv/b/n/10.95 HU24 - Ba-ja o
 []


Underfull \hbox (badness 10000) in paragraph at lines 290--291
\OT1/phv/b/n/10.95 des-vin-cu-la-ci[]on de
 []


Underfull \hbox (badness 4391) in paragraph at lines 296--297
[]\OT1/phv/b/n/10.95 Desarrollar l[]ogi-ca de Bo-rra-do L[]ogi-co (Bac-kend):
 []


Underfull \hbox (badness 10000) in paragraph at lines 297--298
\OT1/phv/m/n/10.95 Des-vin-cu-lar usua-rio del de-par-ta-men-to y mar-car-lo
 []


Underfull \hbox (badness 1389) in paragraph at lines 308--309
[]\OT1/phv/b/n/10.95 Crear vis-ta ``Mi Per-fil'' (Fron-tend/Blade): \OT1/phv/m/n/10.95 For-mu-la-rio
 []


Underfull \hbox (badness 10000) in paragraph at lines 309--310
[]\OT1/phv/b/n/10.95 Desarrollar en-ru-ta-mien-to pro-te-gi-do (Bac-kend):
 []


Underfull \hbox (badness 10000) in paragraph at lines 310--311
[]\OT1/phv/b/n/10.95 Programar va-li-da-ci[]on y sa-ni-ti-za-ci[]on
 []


Underfull \hbox (badness 4739) in paragraph at lines 310--311
\OT1/phv/b/n/10.95 (Bac-kend/Controlador): \OT1/phv/m/n/10.95 Va-li-dar for-ma-to de email y
 []


Underfull \hbox (badness 1975) in paragraph at lines 311--312
[]\OT1/phv/b/n/10.95 Ejecutar ac-tua-li-za-ci[]on se-gu-ra (Bac-kend): \OT1/phv/m/n/10.95 Ac-tua-li-zar
 []


Underfull \hbox (badness 10000) in paragraph at lines 312--313
[]\OT1/phv/b/n/10.95 Implementar re-tro-ali-men-ta-ci[]on vi-sual (Fron-tend):
 []


Underfull \hbox (badness 3049) in paragraph at lines 323--324
[]\OT1/phv/b/n/10.95 Crear vis-ta pa-ra el rol Guar-dia (Fron-tend/Blade):
 []


Underfull \hbox (badness 10000) in paragraph at lines 324--325
[]\OT1/phv/b/n/10.95 Desarrollar l[]ogi-ca de per-sis-ten-cia
 []


Underfull \hbox (badness 2875) in paragraph at lines 326--327
[]\OT1/phv/b/n/10.95 Configurar es-ta-do ini-cial: \OT1/phv/m/n/10.95 Guar-dar con es-ta-do por
 []


Underfull \hbox (badness 10000) in paragraph at lines 332--333
[]|\OT1/phv/b/n/10.95 HU27 - Re-gis-trar
 []


Underfull \hbox (badness 10000) in paragraph at lines 338--339
[]\OT1/phv/b/n/10.95 Crear for-mu-la-rio de re-cep-ci[]on (Fron-tend/Blade):
 []


Underfull \hbox (badness 10000) in paragraph at lines 340--341
\OT1/phv/m/n/10.95 Even-to y Lis-te-ner pa-ra no-ti-fi-car al in-qui-lino por
 []


Underfull \hbox (badness 7468) in paragraph at lines 352--353
[]\OT1/phv/b/n/10.95 Implementar l[]ogi-ca de ac-tua-li-za-ci[]on y au-di-tor^^S^^Pa
 []


Underfull \hbox (badness 1389) in paragraph at lines 353--354
[]\OT1/phv/b/n/10.95 Ajustar con-sul-ta de fil-tra-do (Bac-kend/Controlador):
 []


Underfull \hbox (badness 10000) in paragraph at lines 358--359
[]|\OT1/phv/b/n/10.95 HU29 - Pu-bli-car un
 []


Underfull \hbox (badness 5175) in paragraph at lines 363--364
[]\OT1/phv/b/n/10.95 Dise[]nar ta-bla de anun-cios (co-mu-ni-ca-dos): \OT1/phv/m/n/10.95 Crear
 []


Underfull \hbox (badness 2261) in paragraph at lines 364--365
[]\OT1/phv/b/n/10.95 Crear for-mu-la-rio de pu-bli-ca-ci[]on (Fron-tend/Blade -
 []


Underfull \hbox (badness 10000) in paragraph at lines 365--366
[]\OT1/phv/b/n/10.95 Desarrollar l[]ogi-ca de per-sis-ten-cia
 []


Underfull \hbox (badness 1024) in paragraph at lines 366--367
[]\OT1/phv/b/n/10.95 Implementar Co-las de Tra-ba-jo (Bac-kend): \OT1/phv/m/n/10.95 Job pa-ra
 []


Underfull \hbox (badness 10000) in paragraph at lines 372--373
[]|\OT1/phv/b/n/10.95 HU31: En-viar
 []


Underfull \hbox (badness 7256) in paragraph at lines 372--373
\OT1/phv/b/n/10.95 con-sul-ta di-rec-ta a la
 []


Underfull \hbox (badness 1527) in paragraph at lines 377--378
[]\OT1/phv/b/n/10.95 Dise[]nar ta-bla de men-sa-jer^^S^^Pa (tic-kets o con-sul-tas):
 []


Underfull \hbox (badness 10000) in paragraph at lines 378--379
[]\OT1/phv/b/n/10.95 Crear for-mu-la-rio de con-tac-to (Fron-tend/Blade -
 []


Underfull \hbox (badness 10000) in paragraph at lines 379--380
[]\OT1/phv/b/n/10.95 Desarrollar l[]ogi-ca de per-sis-ten-cia
 []


Underfull \hbox (badness 10000) in paragraph at lines 379--380
\OT1/phv/b/n/10.95 (Bac-kend/Controlador): \OT1/phv/m/n/10.95 Guar-dar con-sul-ta aso-cia-da
 []


Underfull \hbox (badness 7981) in paragraph at lines 380--381
[]\OT1/phv/b/n/10.95 Maquetar ban-de-ja de en-tra-da (Fron-tend/Blade -
 []


Underfull \hbox (badness 10000) in paragraph at lines 386--387
[]|\OT1/phv/b/n/10.95 HU30 - Con-sul-tar
 []


Underfull \hbox (badness 10000) in paragraph at lines 386--387
\OT1/phv/b/n/10.95 do-cu-men-tos del
 []


Underfull \hbox (badness 4505) in paragraph at lines 391--392
[]\OT1/phv/b/n/10.95 Dise[]nar ta-bla de me-ta-da-tos (do-cu-men-tos): \OT1/phv/m/n/10.95 Crear
 []


Underfull \hbox (badness 10000) in paragraph at lines 395--396
[]\OT1/phv/b/n/10.95 Configurar ca-be-ce-ras de res-pues-ta HTTP:
 []


Overfull \hbox (4.74721pt too wide) in alignment at lines 122--401
 [] [] 
 []

sections/metodologia/2_1_scrum/2_1_2_planificacion_estimacion.tex:401: ignored error: Infinite glue shrinkage found in box being split [13]
sections/metodologia/2_1_scrum/2_1_2_planificacion_estimacion.tex:401: ignored error: Infinite glue shrinkage found in box being split [14]
sections/metodologia/2_1_scrum/2_1_2_planificacion_estimacion.tex:401: ignored error: Infinite glue shrinkage found in box being split [15]
sections/metodologia/2_1_scrum/2_1_2_planificacion_estimacion.tex:401: ignored error: Infinite glue shrinkage found in box being split [16]
sections/metodologia/2_1_scrum/2_1_2_planificacion_estimacion.tex:401: ignored error: Infinite glue shrinkage found in box being split [17]
sections/metodologia/2_1_scrum/2_1_2_planificacion_estimacion.tex:401: ignored error: Infinite glue shrinkage found in box being split [18]
Underfull \hbox (badness 10000) in paragraph at lines 409--410
[]|\OT1/phv/b/n/10.95 Estimaci[]on
 []


Overfull \hbox (48.81833pt too wide) in alignment at lines 405--413
 [] [] [] 
 []


Overfull \hbox (48.81833pt too wide) in alignment at lines 413--764
 [] [] [] 
 []

[19]
sections/metodologia/2_1_scrum/2_1_2_planificacion_estimacion.tex:764: ignored error: Infinite glue shrinkage found in box being split [20]
sections/metodologia/2_1_scrum/2_1_2_planificacion_estimacion.tex:764: ignored error: Infinite glue shrinkage found in box being split [21]
sections/metodologia/2_1_scrum/2_1_2_planificacion_estimacion.tex:764: ignored error: Infinite glue shrinkage found in box being split [22]) (sections/metodologia/2_1_scrum/2_1_3_implementacion.tex
Underfull \hbox (badness 1147) in paragraph at lines 767--1
\OT1/phv/m/n/10.95 co-rres-pon-dien-tes a las his-to-rias fun-da-men-ta-les (Re-gis-tro de Edi-fi-cio, Con-fi-gu-ra-ci[]on de
 []


Underfull \hbox (badness 1360) in paragraph at lines 4--5
[]\OT1/phv/m/n/10.95 Los de-sa-rro-lla-do-res pro-ce-den a la co-di-fi-ca-ci[]on en el fra-me-work La-ra-vel, crean-do las
 []

) (sections/metodologia/2_1_scrum/2_1_4_revision_retrospectiva.tex [23]) (sections/metodologia/2_1_scrum/2_1_5_liberacion.tex)) (sections/metodologia/2_2_entrevista.tex [24] [25]) (sections/metodologia/2_3_ers.tex (sections/metodologia/2_3_ers/2_3_1_introduccion.tex (sections/metodologia/2_3_ers/2_3_1_introduccion/2_3_1_1_proposito.tex [26]) (sections/metodologia/2_3_ers/2_3_1_introduccion/2_3_1_2_alcance.tex) (sections/metodologia/2_3_ers/2_3_1_introduccion/2_3_1_3_definiciones.tex)) (sections/metodologia/2_3_ers/2_3_2_descripcion.tex (sections/metodologia/2_3_ers/2_3_2_descripcion/2_3_2_1_perspectiva.tex [27]) (sections/metodologia/2_3_ers/2_3_2_descripcion/2_3_2_2_funcionalidad.tex
Underfull \hbox (badness 1348) in paragraph at lines 17--1
[]\OT1/phv/m/n/10.95 Los usua-rios ac-ce-der[]an me-dian-te una in-ter-faz web co-nec-ta-da a una ba-se de da-tos
 []

) (sections/metodologia/2_3_ers/2_3_2_descripcion/2_3_2_3_caracteristicas_usuarios.tex
Underfull \hbox (badness 10000) in paragraph at lines 64--64
[]|\OT1/phv/b/n/10.95 Experiencia y es-pe-cia-li-za-ci[]on
 []


Underfull \hbox (badness 10000) in paragraph at lines 64--64
[]|\OT1/phv/m/n/10.95 Manejo b[]asi-co de sis-te-mas
 []

) (sections/metodologia/2_3_ers/2_3_2_descripcion/2_3_2_4_restricciones.tex [28]) (sections/metodologia/2_3_ers/2_3_2_descripcion/2_3_2_5_suposiciones_dependencias.tex)) (sections/metodologia/2_3_ers/2_3_3_requisitos_especificos.tex [29]
Underfull \hbox (badness 3503) in paragraph at lines 131--132
[]|\OT1/phv/m/n/10.95 El sis-te-ma de-be per-mi-tir con-fir-mar pa-gos rea-li-za-dos por
 []

[30]
Underfull \hbox (badness 4366) in paragraph at lines 294--295
[]|\OT1/phv/m/n/10.95 El sis-te-ma de-be per-mi-tir en-viar con-sul-tas di-rec-tas a la
 []

) (sections/metodologia/2_3_ers/2_3_4_no_funcionales.tex (sections/metodologia/2_3_ers/2_3_4_no_funcionales/2_3_4_1_producto.tex [31]
Underfull \hbox (badness 10000) in paragraph at lines 109--109
[]|\OT1/phv/m/n/10.95 El sis-te-ma de-ber[]a res-pon-der a las
 []


Underfull \hbox (badness 1231) in paragraph at lines 109--109
\OT1/phv/m/n/10.95 so-li-ci-tu-des en un tiem-po m[]axi-mo de 5
 []


Underfull \hbox (badness 6445) in paragraph at lines 109--109
\OT1/phv/m/n/10.95 na-ve-guen por la in-ter-faz de ma-ne-ra
 []


Underfull \hbox (badness 10000) in paragraph at lines 109--109
\OT1/phv/m/n/10.95 in-tui-ti-va, re-qui-rien-do un tiem-po de
 []


Underfull \hbox (badness 10000) in paragraph at lines 109--109
[]|\OT1/phv/m/n/10.95 El sis-te-ma de-be ga-ran-ti-zar una
 []


Underfull \hbox (badness 10000) in paragraph at lines 109--109
\OT1/phv/m/n/10.95 dis-po-ni-bi-li-dad con-ti-nua del ser-vi-cio,
 []


Underfull \hbox (badness 6775) in paragraph at lines 109--109
[]|\OT1/phv/m/n/10.95 El sis-te-ma de-be adap-tar su in-ter-faz
 []


Underfull \hbox (badness 10000) in paragraph at lines 109--109
[]|\OT1/phv/m/n/10.95 El sis-te-ma de-ber[]a al-ma-ce-nar la
 []

) (sections/metodologia/2_3_ers/2_3_4_no_funcionales/2_3_4_2_organizacionales.tex [32]
Underfull \hbox (badness 10000) in paragraph at lines 38--38
[]|\OT1/phv/m/n/10.95 El sis-te-ma de-be de-sa-rro-llar-se uti-li-zan-do
 []


Underfull \hbox (badness 5970) in paragraph at lines 38--38
\OT1/phv/m/n/10.95 tec-no-log[]^^Pas web (Fra-me-work Next.js) y una
 []

) (sections/metodologia/2_3_ers/2_3_4_no_funcionales/2_3_4_3_externos.tex [33]
Underfull \hbox (badness 2828) in paragraph at lines 55--55
\OT1/phv/m/n/10.95 in-ter-net ac-ti-va pa-ra su fun-cio-na-mien-to
 []


Underfull \hbox (badness 10000) in paragraph at lines 55--55
\OT1/phv/m/n/10.95 y co-mu-ni-ca-ci[]on con el ser-vi-dor de
 []


Underfull \hbox (badness 5260) in paragraph at lines 55--55
\OT1/phv/m/n/10.95 de ac-ce-so, el al-ma-ce-na-mien-to y los
 []

))) (sections/metodologia/2_4_analisis_riesgos.tex [34]
Underfull \hbox (badness 10000) in paragraph at lines 118--118
[]|\OT1/phv/b/n/10.95 Error en c[]alcu-los
 []


Underfull \hbox (badness 1783) in paragraph at lines 118--118
\OT1/phv/m/n/10.95 au-tom[]ati-co de ex-pen-sas o en el
 []


Underfull \hbox (badness 1436) in paragraph at lines 118--118
\OT1/phv/m/n/10.95 da-tos sen-si-bles de los ve-ci-nos y
 []


Underfull \hbox (badness 10000) in paragraph at lines 118--118
[]|\OT1/phv/b/n/10.95 Falla de in-te-gra-ci[]on de
 []


Underfull \hbox (badness 10000) in paragraph at lines 118--118
[]|\OT1/phv/m/n/10.95 Proyecto
 []


Underfull \hbox (badness 7631) in paragraph at lines 118--118
[]|\OT1/phv/m/n/10.95 Solicitud de cam-bios o nue-vas
 []


Underfull \hbox (badness 10000) in paragraph at lines 118--118
[]|\OT1/phv/m/n/10.95 Resistencia de los ve-ci-nos
 []


Underfull \hbox (badness 10000) in paragraph at lines 118--118
[]|\OT1/phv/b/n/10.95 Falta de ex-pe-rien-cia
 []


Underfull \hbox (badness 10000) in paragraph at lines 118--118
[]|\OT1/phv/m/n/10.95 Dificultad pa-ra ma-ne-jar las
 []


Underfull \hbox (badness 2443) in paragraph at lines 118--118
\OT1/phv/m/n/10.95 pa-ra el m[]odu-lo de no-ti-fi-ca-cio-nes
 []


Underfull \hbox (badness 1824) in paragraph at lines 118--118
[]|\OT1/phv/m/n/10.95 Dise[]no de pan-ta-llas con-fu-so que
 []


Underfull \hbox (badness 5622) in paragraph at lines 118--118
\OT1/phv/m/n/10.95 di-fi-cul-te la car-ga de tic-kets de
 []


Underfull \hbox (badness 4832) in paragraph at lines 118--118
[]|\OT1/phv/m/n/10.95 Inasistencia de un miem-bro del
 []


Underfull \hbox (badness 3965) in paragraph at lines 118--118
\OT1/phv/m/n/10.95 equi-po por ra-zo-nes de sa-lud o
 []


Underfull \hbox (badness 1314) in paragraph at lines 118--118
\OT1/phv/m/n/10.95 per-so-na-les du-ran-te las fe-chas de
 []

[35]
Underfull \hbox (badness 10000) in paragraph at lines 352--352
[]|\OT1/phv/m/n/10.95 Implementar ci-fra-do de da-tos
 []


Underfull \hbox (badness 2080) in paragraph at lines 352--352
\OT1/phv/m/n/10.95 sen-si-bles y au-di-tor[]^^Pas de ac-ce-so
 []


Underfull \hbox (badness 5175) in paragraph at lines 352--352
\OT1/phv/m/n/10.95 so-bre la l[]ogi-ca del pro-rra-teo y
 []


Underfull \hbox (badness 10000) in paragraph at lines 352--352
[]|\OT1/phv/m/n/10.95 Documentar to-do el c[]odi-go y
 []


Underfull \hbox (badness 10000) in paragraph at lines 352--352
\OT1/phv/m/n/10.95 pro-ce-sos pa-ra que cual-quier
 []


Underfull \hbox (badness 10000) in paragraph at lines 352--352
\OT1/phv/m/n/10.95 miem-bro pue-da re-to-mar ta-reas
 []


Underfull \hbox (badness 10000) in paragraph at lines 352--352
[]|\OT1/phv/b/n/10.95 Nuevos re-que-ri-mien-tos del
 []


Underfull \hbox (badness 10000) in paragraph at lines 352--352
[]|\OT1/phv/m/n/10.95 Capacitaci[]on tem-pra-na me-dian-te
 []


Underfull \hbox (badness 10000) in paragraph at lines 352--352
\OT1/phv/m/n/10.95 workshops t[]ecni-cos o tu-to-ria-les
 []


Underfull \hbox (badness 10000) in paragraph at lines 352--352
[]|\OT1/phv/m/n/10.95 Realizar pro-to-ti-pa-do r[]api-do y
 []

) (sections/metodologia/2_5_planificacion.tex (sections/metodologia/2_5_planificacion/2_5_1_liberacion_1.tex [36]
Underfull \hbox (badness 1168) in paragraph at lines 8--11
[]\OT1/phv/b/n/10.95 Sprint 1: \OT1/phv/m/n/10.95 Com-pren-de la con-fi-gu-ra-ci[]on es-truc-tu-ral y el mo-tor con-ta-ble. \OT1/phv/b/n/10.95 His-to-rias
 []

[37]) (sections/metodologia/2_5_planificacion/2_5_2_liberacion_2.tex) (sections/metodologia/2_5_planificacion/2_5_3_liberacion_3.tex) (sections/metodologia/2_5_planificacion/2_5_4_ceremonias_agiles.tex))) [38] (sections/herramientas.tex) [39] (main.aux
LaTeX Info: Redefining \. on input line 11.
LaTeX Info: Redefining \% on input line 11.
)
 ***********
LaTeX2e <2025-11-01>
L3 programming layer <2025-12-24>
 ***********
Package rerunfilecheck Info: File `main.out' has not changed.
(rerunfilecheck)             Checksum: D9A9FFD7300E6B5C4954CD805D407F3B;12432.
 ) 
Here is how much of TeX's memory you used:
 13352 strings out of 467871
 234472 string characters out of 5418376
 705430 words of memory out of 5000000
 41625 multiletter control sequences out of 15000+600000
 645994 words of font info for 69 fonts, out of 8000000 for 9000
 1141 hyphenation exceptions out of 8191
 75i,11n,79p,1214b,781s stack positions out of 10000i,1000n,20000p,200000b,200000s
<C:/Users/Matia/AppData/Local/Programs/MiKTeX/fonts/type1/urw/helvetic/uhvb8a.pfb><C:/Users/Matia/AppData/Local/Programs/MiKTeX/fonts/type1/urw/helvetic/uhvbo8a.pfb><C:/Users/Matia/AppData/Local/Programs/MiKTeX/fonts/type1/urw/helvetic/uhvr8a.pfb><C:/Users/Matia/AppData/Local/Programs/MiKTeX/fonts/type1/urw/helvetic/uhvro8a.pfb>
Output written on main.pdf (40 pages, 628372 bytes).
PDF statistics:
 798 PDF objects out of 1000 (max. 8388607)
 326 named destinations out of 1000 (max. 500000)
 456 words of extra memory for PDF output out of 10000 (max. 10000000)

